
> nutrigenie@0.1.0 build
> next build

npm : ΓÜá Warning: Next.js inferred 
your workspace root, but it may not 
be correct.
At line:1 char:1
+ npm run build > build_output.txt 
2>&1
+ ~~~~~~~~~~~~~~~~~~~~~~~~~~~~~~~~~~
~~~
    + CategoryInfo          : NotSp 
   ecified: (ΓÜá Warning: Ne...not  
   be correct.:String) [], Remote   
 Exception
    + FullyQualifiedErrorId : Nativ 
   eCommandError
 
 We detected multiple lockfiles and 
selected the directory of 
C:\Users\Admin\package-lock.json as 
the root directory.
 To silence this warning, set 
`turbopack.root` in your Next.js 
config, or consider removing one of 
the lockfiles if it's not needed.
   See https://nextjs.org/docs/app/a
pi-reference/config/next-config-js/t
urbopack#root-directory for more 
information.
 Detected additional lockfiles: 
   * C:\Users\Admin\Desktop\My Proje
cts\NutriGenie\nutrigenie\package-lo
ck.json

Γû▓ Next.js 16.1.4 (Turbopack)
- Environments: .env.local

ΓÜá The "middleware" file 
convention is deprecated. Please 
use "proxy" instead. Learn more: htt
ps://nextjs.org/docs/messages/middle
ware-to-proxy
  Creating an optimized production build ...
Γ£ô Compiled successfully in 11.0s
  Running TypeScript ...
Failed to compile.

./src/app/api/chat/route.ts:107:17
Type error: No overload matches 
this call.
  The last overload gave the 
following error.
    Type '(params: any) => 
Promise<any>' is not assignable to 
type 'undefined'.

[0m [90m 105 |[39m               
      })
 [90m 106 |[39m                 
})[33m,[39m
[31m[1m>[22m[39m[90m 107 
|[39m                 
execute[33m:[39m [36masync[39m 
(params[33m:[39m any) 
[33m=>[39m {
 [90m     |[39m                 
[31m[1m^[22m[39m
 [90m 108 |[39m                   
  [36mreturn[39m params[33m;[39m
 [90m 109 |[39m                 }
 [90m 110 |[39m             
})[33m,[39m[0m
Next.js build worker exited with 
code: 1 and signal: null
